// Jest Snapshot v1, https://goo.gl/fbAQLP

exports[`App Component renders correctly 1`] = `
<div>
  <Connect(CheckmarkDashboard)
    fallen={false}
  />
</div>
`;
